cargo :    Compiling 
proc-macro2 v1.0.103
At line:1 char:1
+ cargo check --bin test_nats 
> errors.txt 2>&1
+ ~~~~~~~~~~~~~~~~~~~~~~~~~~~~
~~~~~~~~~~~~~~~~~
    + CategoryInfo          : 
    NotSpecified: (   Compil  
  ing proc-macro2 v1.0.103:   
 String) [], RemoteExcepti    
on
    + FullyQualifiedErrorId : 
    NativeCommandError
 
   Compiling quote v1.0.42
   Compiling serde_core 
v1.0.228
   Compiling serde v1.0.228
error: linker `link.exe` not 
found
  |
  = note: program not found

note: the msvc targets depend 
on the msvc linker but 
`link.exe` was not found

note: please ensure that 
Visual Studio 2017 or later, 
or Build Tools for Visual 
Studio were installed with 
the Visual C++ option.

note: VS Code is a different 
product, and is not 
sufficient.

error: could not compile 
`proc-macro2` (build script) 
due to 1 previous error
warning: build failed, 
waiting for other jobs to 
finish...
error: could not compile 
`serde` (build script) due to 
1 previous error
error: could not compile 
`quote` (build script) due to 
1 previous error
error: could not compile 
`serde_core` (build script) 
due to 1 previous error
